// Jest Snapshot v1, https://goo.gl/fbAQLP

exports[`(CarDetails) component should match snapshot 1`] = `[Function]`;
