// Jest Snapshot v1, https://goo.gl/fbAQLP

exports[`(MyOrders) component should match snapshot 1`] = `[Function]`;
