// Jest Snapshot v1, https://goo.gl/fbAQLP

exports[`(NotFound) component should match snapshot 1`] = `[Function]`;
